[kalanidhithemes.com/live-preview/landing-page/apper/all-demo/06-app-landing-page-video-hero-full-background/index.html]
[backblue.gif]
[fade.gif]
[index.html]
[kalanidhithemes.com/live-preview/landing-page/apper/all-demo/06-app-landing-page-video-hero-full-background/images/favicon.png]
[kalanidhithemes.com/live-preview/landing-page/apper/all-demo/06-app-landing-page-video-hero-full-background/images/logo.png]
[kalanidhithemes.com/live-preview/landing-page/apper/all-demo/06-app-landing-page-video-hero-full-background/about.html]
[kalanidhithemes.com/live-preview/landing-page/apper/all-demo/06-app-landing-page-video-hero-full-background/reviews.html]
[kalanidhithemes.com/live-preview/landing-page/apper/all-demo/06-app-landing-page-video-hero-full-background/sign-in.html]
[kalanidhithemes.com/live-preview/landing-page/apper/all-demo/06-app-landing-page-video-hero-full-background/sign-up.html]
[kalanidhithemes.com/live-preview/landing-page/apper/all-demo/06-app-landing-page-video-hero-full-background/blog-list.html]
[kalanidhithemes.com/live-preview/landing-page/apper/all-demo/06-app-landing-page-video-hero-full-background/blog-single.html]
[kalanidhithemes.com/live-preview/landing-page/apper/all-demo/06-app-landing-page-video-hero-full-background/pricing.html]
[kalanidhithemes.com/live-preview/landing-page/apper/all-demo/06-app-landing-page-video-hero-full-background/images/appstore_blue.png]
[kalanidhithemes.com/live-preview/landing-page/apper/all-demo/06-app-landing-page-video-hero-full-background/images/appstore_white.png]
[kalanidhithemes.com/live-preview/landing-page/apper/all-demo/06-app-landing-page-video-hero-full-background/images/googleplay_blue.png]
[kalanidhithemes.com/live-preview/landing-page/apper/all-demo/06-app-landing-page-video-hero-full-background/images/googleplay_white.png]
[kalanidhithemes.com/live-preview/landing-page/apper/all-demo/06-app-landing-page-video-hero-full-background/images/used01.png]
[kalanidhithemes.com/live-preview/landing-page/apper/all-demo/06-app-landing-page-video-hero-full-background/images/used02.png]
[kalanidhithemes.com/live-preview/landing-page/apper/all-demo/06-app-landing-page-video-hero-full-background/images/used03.png]
[kalanidhithemes.com/live-preview/landing-page/apper/all-demo/06-app-landing-page-video-hero-full-background/images/used04.png]
[kalanidhithemes.com/live-preview/landing-page/apper/all-demo/06-app-landing-page-video-hero-full-background/images/play_icon.png]
[kalanidhithemes.com/live-preview/landing-page/apper/all-demo/06-app-landing-page-video-hero-full-background/images/secure_data.png]
[kalanidhithemes.com/live-preview/landing-page/apper/all-demo/06-app-landing-page-video-hero-full-background/images/functional.png]
[kalanidhithemes.com/live-preview/landing-page/apper/all-demo/06-app-landing-page-video-hero-full-background/images/live-chat.png]
[kalanidhithemes.com/live-preview/landing-page/apper/all-demo/06-app-landing-page-video-hero-full-background/images/support.png]
[kalanidhithemes.com/live-preview/landing-page/apper/all-demo/06-app-landing-page-video-hero-full-background/images/features_frame.png]
[kalanidhithemes.com/live-preview/landing-page/apper/all-demo/06-app-landing-page-video-hero-full-background/images/about-frame.png]
[kalanidhithemes.com/live-preview/landing-page/apper/all-demo/06-app-landing-page-video-hero-full-background/images/about-screen.png]
[kalanidhithemes.com/live-preview/landing-page/apper/all-demo/06-app-landing-page-video-hero-full-background/images/download.png]
[kalanidhithemes.com/live-preview/landing-page/apper/all-demo/06-app-landing-page-video-hero-full-background/images/followers.png]
[kalanidhithemes.com/live-preview/landing-page/apper/all-demo/06-app-landing-page-video-hero-full-background/images/reviews.png]
[kalanidhithemes.com/live-preview/landing-page/apper/all-demo/06-app-landing-page-video-hero-full-background/images/countries.png]
[kalanidhithemes.com/live-preview/landing-page/apper/all-demo/06-app-landing-page-video-hero-full-background/images/modern01.png]
[kalanidhithemes.com/live-preview/landing-page/apper/all-demo/06-app-landing-page-video-hero-full-background/images/modern02.png]
[kalanidhithemes.com/live-preview/landing-page/apper/all-demo/06-app-landing-page-video-hero-full-background/images/modern03.png]
[kalanidhithemes.com/live-preview/landing-page/apper/all-demo/06-app-landing-page-video-hero-full-background/images/step1.png]
[kalanidhithemes.com/live-preview/landing-page/apper/all-demo/06-app-landing-page-video-hero-full-background/images/step2.png]
[kalanidhithemes.com/live-preview/landing-page/apper/all-demo/06-app-landing-page-video-hero-full-background/images/step3.png]
[kalanidhithemes.com/live-preview/landing-page/apper/all-demo/06-app-landing-page-video-hero-full-background/images/testimonial_user1.png]
[kalanidhithemes.com/live-preview/landing-page/apper/all-demo/06-app-landing-page-video-hero-full-background/images/testimonial_user2.png]
[kalanidhithemes.com/live-preview/landing-page/apper/all-demo/06-app-landing-page-video-hero-full-background/images/testimonial_user3.png]
[kalanidhithemes.com/live-preview/landing-page/apper/all-demo/06-app-landing-page-video-hero-full-background/images/avtar_testimonial.png]
[kalanidhithemes.com/live-preview/landing-page/apper/all-demo/06-app-landing-page-video-hero-full-background/images/paypal.png]
[kalanidhithemes.com/live-preview/landing-page/apper/all-demo/06-app-landing-page-video-hero-full-background/images/spoty.png]
[kalanidhithemes.com/live-preview/landing-page/apper/all-demo/06-app-landing-page-video-hero-full-background/images/shopboat.png]
[kalanidhithemes.com/live-preview/landing-page/apper/all-demo/06-app-landing-page-video-hero-full-background/images/slack.png]
[kalanidhithemes.com/live-preview/landing-page/apper/all-demo/06-app-landing-page-video-hero-full-background/images/envato.png]
[kalanidhithemes.com/live-preview/landing-page/apper/all-demo/06-app-landing-page-video-hero-full-background/images/standard.png]
[kalanidhithemes.com/live-preview/landing-page/apper/all-demo/06-app-landing-page-video-hero-full-background/images/unlimited.png]
[kalanidhithemes.com/live-preview/landing-page/apper/all-demo/06-app-landing-page-video-hero-full-background/images/premium.png]
[kalanidhithemes.com/live-preview/landing-page/apper/all-demo/06-app-landing-page-video-hero-full-background/images/screen-1.png]
[kalanidhithemes.com/live-preview/landing-page/apper/all-demo/06-app-landing-page-video-hero-full-background/images/screen-2.png]
[kalanidhithemes.com/live-preview/landing-page/apper/all-demo/06-app-landing-page-video-hero-full-background/images/screen-3.png]
[kalanidhithemes.com/live-preview/landing-page/apper/all-demo/06-app-landing-page-video-hero-full-background/images/screen-4.png]
[kalanidhithemes.com/live-preview/landing-page/apper/all-demo/06-app-landing-page-video-hero-full-background/images/screen-5.png]
[kalanidhithemes.com/live-preview/landing-page/apper/all-demo/06-app-landing-page-video-hero-full-background/images/download-screen01.png]
[kalanidhithemes.com/live-preview/landing-page/apper/all-demo/06-app-landing-page-video-hero-full-background/images/download-screen02.png]
[kalanidhithemes.com/live-preview/landing-page/apper/all-demo/06-app-landing-page-video-hero-full-background/images/story01.png]
[kalanidhithemes.com/live-preview/landing-page/apper/all-demo/06-app-landing-page-video-hero-full-background/images/story02.png]
[kalanidhithemes.com/live-preview/landing-page/apper/all-demo/06-app-landing-page-video-hero-full-background/images/story03.png]
[kalanidhithemes.com/live-preview/landing-page/apper/all-demo/06-app-landing-page-video-hero-full-background/images/footer_logo.png]
[kalanidhithemes.com/live-preview/landing-page/apper/all-demo/06-app-landing-page-video-hero-full-background/images/go_top.png]
[kalanidhithemes.com/live-preview/landing-page/apper/all-demo/06-app-landing-page-video-hero-full-background/js/jquery.js]
[kalanidhithemes.com/live-preview/landing-page/apper/all-demo/06-app-landing-page-video-hero-full-background/js/owl.carousel.min.js]
[kalanidhithemes.com/live-preview/landing-page/apper/all-demo/06-app-landing-page-video-hero-full-background/js/bootstrap.min.js]
[kalanidhithemes.com/live-preview/landing-page/apper/all-demo/06-app-landing-page-video-hero-full-background/js/aos.js]
[kalanidhithemes.com/live-preview/landing-page/apper/all-demo/06-app-landing-page-video-hero-full-background/js/main.js]
[kalanidhithemes.com/live-preview/landing-page/apper/all-demo/06-app-landing-page-video-hero-full-background/index.html]
[kalanidhithemes.com/live-preview/landing-page/apper/all-demo/06-app-landing-page-video-hero-full-background/fonts/icofont.woff2]
[kalanidhithemes.com/live-preview/landing-page/apper/all-demo/06-app-landing-page-video-hero-full-background/fonts/icofont.woff]
[kalanidhithemes.com/live-preview/landing-page/apper/all-demo/06-app-landing-page-video-hero-full-background/css/icofont.min.css]
[kalanidhithemes.com/live-preview/landing-page/apper/all-demo/06-app-landing-page-video-hero-full-background/css/owl.video.play.4b.delayed]
[kalanidhithemes.com/live-preview/landing-page/apper/all-demo/06-app-landing-page-video-hero-full-background/css/owl.carousel.min.css]
[kalanidhithemes.com/live-preview/landing-page/apper/all-demo/06-app-landing-page-video-hero-full-background/css/bootstrap.min.css]
[kalanidhithemes.com/live-preview/landing-page/apper/all-demo/06-app-landing-page-video-hero-full-background/css/aos.css]
[kalanidhithemes.com/live-preview/landing-page/apper/all-demo/06-app-landing-page-video-hero-full-background/fonts/poppins-v20-latin-300.eot]
[kalanidhithemes.com/live-preview/landing-page/apper/all-demo/06-app-landing-page-video-hero-full-background/fonts/poppins-v20-latin-300d41d.eot]
[kalanidhithemes.com/live-preview/landing-page/apper/all-demo/06-app-landing-page-video-hero-full-background/fonts/poppins-v20-latin-300.woff2]
[kalanidhithemes.com/live-preview/landing-page/apper/all-demo/06-app-landing-page-video-hero-full-background/fonts/poppins-v20-latin-300.woff]
[kalanidhithemes.com/live-preview/landing-page/apper/all-demo/06-app-landing-page-video-hero-full-background/fonts/poppins-v20-latin-300.ttf]
[kalanidhithemes.com/live-preview/landing-page/apper/all-demo/06-app-landing-page-video-hero-full-background/fonts/poppins-v20-latin-regular.eot]
[kalanidhithemes.com/live-preview/landing-page/apper/all-demo/06-app-landing-page-video-hero-full-background/fonts/poppins-v20-latin-regulard41d.eot]
[kalanidhithemes.com/live-preview/landing-page/apper/all-demo/06-app-landing-page-video-hero-full-background/fonts/poppins-v20-latin-regular.woff2]
[kalanidhithemes.com/live-preview/landing-page/apper/all-demo/06-app-landing-page-video-hero-full-background/fonts/poppins-v20-latin-regular.woff]
[kalanidhithemes.com/live-preview/landing-page/apper/all-demo/06-app-landing-page-video-hero-full-background/fonts/poppins-v20-latin-regular.ttf]
[kalanidhithemes.com/live-preview/landing-page/apper/all-demo/06-app-landing-page-video-hero-full-background/fonts/poppins-v20-latin-italic.eot]
[kalanidhithemes.com/live-preview/landing-page/apper/all-demo/06-app-landing-page-video-hero-full-background/fonts/poppins-v20-latin-italicd41d.eot]
[kalanidhithemes.com/live-preview/landing-page/apper/all-demo/06-app-landing-page-video-hero-full-background/fonts/poppins-v20-latin-italic.woff2]
[kalanidhithemes.com/live-preview/landing-page/apper/all-demo/06-app-landing-page-video-hero-full-background/fonts/poppins-v20-latin-italic.woff]
[kalanidhithemes.com/live-preview/landing-page/apper/all-demo/06-app-landing-page-video-hero-full-background/fonts/poppins-v20-latin-italic.ttf]
[kalanidhithemes.com/live-preview/landing-page/apper/all-demo/06-app-landing-page-video-hero-full-background/fonts/poppins-v20-latin-500.eot]
[kalanidhithemes.com/live-preview/landing-page/apper/all-demo/06-app-landing-page-video-hero-full-background/fonts/poppins-v20-latin-500d41d.eot]
[kalanidhithemes.com/live-preview/landing-page/apper/all-demo/06-app-landing-page-video-hero-full-background/fonts/poppins-v20-latin-500.woff2]
[kalanidhithemes.com/live-preview/landing-page/apper/all-demo/06-app-landing-page-video-hero-full-background/fonts/poppins-v20-latin-500.woff]
[kalanidhithemes.com/live-preview/landing-page/apper/all-demo/06-app-landing-page-video-hero-full-background/fonts/poppins-v20-latin-500.ttf]
[kalanidhithemes.com/live-preview/landing-page/apper/all-demo/06-app-landing-page-video-hero-full-background/fonts/poppins-v20-latin-500italic.eot]
[kalanidhithemes.com/live-preview/landing-page/apper/all-demo/06-app-landing-page-video-hero-full-background/fonts/poppins-v20-latin-500italicd41d.eot]
[kalanidhithemes.com/live-preview/landing-page/apper/all-demo/06-app-landing-page-video-hero-full-background/fonts/poppins-v20-latin-500italic.woff2]
[kalanidhithemes.com/live-preview/landing-page/apper/all-demo/06-app-landing-page-video-hero-full-background/fonts/poppins-v20-latin-500italic.woff]
[kalanidhithemes.com/live-preview/landing-page/apper/all-demo/06-app-landing-page-video-hero-full-background/fonts/poppins-v20-latin-500italic.ttf]
[kalanidhithemes.com/live-preview/landing-page/apper/all-demo/06-app-landing-page-video-hero-full-background/fonts/poppins-v20-latin-600.eot]
[kalanidhithemes.com/live-preview/landing-page/apper/all-demo/06-app-landing-page-video-hero-full-background/fonts/poppins-v20-latin-600d41d.eot]
[kalanidhithemes.com/live-preview/landing-page/apper/all-demo/06-app-landing-page-video-hero-full-background/fonts/poppins-v20-latin-600.woff2]
[kalanidhithemes.com/live-preview/landing-page/apper/all-demo/06-app-landing-page-video-hero-full-background/fonts/poppins-v20-latin-600.woff]
[kalanidhithemes.com/live-preview/landing-page/apper/all-demo/06-app-landing-page-video-hero-full-background/fonts/poppins-v20-latin-600.ttf]
[kalanidhithemes.com/live-preview/landing-page/apper/all-demo/06-app-landing-page-video-hero-full-background/fonts/poppins-v20-latin-700.eot]
[kalanidhithemes.com/live-preview/landing-page/apper/all-demo/06-app-landing-page-video-hero-full-background/fonts/poppins-v20-latin-700d41d.eot]
[kalanidhithemes.com/live-preview/landing-page/apper/all-demo/06-app-landing-page-video-hero-full-background/fonts/poppins-v20-latin-700.woff2]
[kalanidhithemes.com/live-preview/landing-page/apper/all-demo/06-app-landing-page-video-hero-full-background/fonts/poppins-v20-latin-700.woff]
[kalanidhithemes.com/live-preview/landing-page/apper/all-demo/06-app-landing-page-video-hero-full-background/fonts/poppins-v20-latin-700.ttf]
[kalanidhithemes.com/live-preview/landing-page/apper/all-demo/06-app-landing-page-video-hero-full-background/fonts/poppins-v20-latin-800.eot]
[kalanidhithemes.com/live-preview/landing-page/apper/all-demo/06-app-landing-page-video-hero-full-background/fonts/poppins-v20-latin-800d41d.eot]
[kalanidhithemes.com/live-preview/landing-page/apper/all-demo/06-app-landing-page-video-hero-full-background/fonts/poppins-v20-latin-800.woff2]
[kalanidhithemes.com/live-preview/landing-page/apper/all-demo/06-app-landing-page-video-hero-full-background/fonts/poppins-v20-latin-800.woff]
[kalanidhithemes.com/live-preview/landing-page/apper/all-demo/06-app-landing-page-video-hero-full-background/fonts/poppins-v20-latin-800.ttf]
[kalanidhithemes.com/live-preview/landing-page/apper/all-demo/06-app-landing-page-video-hero-full-background/images/hero-image.png]
[kalanidhithemes.com/live-preview/landing-page/apper/all-demo/06-app-landing-page-video-hero-full-background/images/right_icon.png]
[kalanidhithemes.com/live-preview/landing-page/apper/all-demo/06-app-landing-page-video-hero-full-background/images/testimonial_bg.png]
[kalanidhithemes.com/live-preview/landing-page/apper/all-demo/06-app-landing-page-video-hero-full-background/images/footer_bg.png]
[kalanidhithemes.com/live-preview/landing-page/apper/all-demo/06-app-landing-page-video-hero-full-background/images/bread_crumb_bg.png]
[kalanidhithemes.com/live-preview/landing-page/apper/all-demo/06-app-landing-page-video-hero-full-background/images/form-bg.png]
[kalanidhithemes.com/live-preview/landing-page/apper/all-demo/06-app-landing-page-video-hero-full-background/images/free_review_bg.84.delayed]
[kalanidhithemes.com/live-preview/landing-page/apper/all-demo/06-app-landing-page-video-hero-full-background/css/style.css]
[kalanidhithemes.com/live-preview/landing-page/apper/all-demo/06-app-landing-page-video-hero-full-background/css/responsive.css]
[kalanidhithemes.com/live-preview/landing-page/apper/all-demo/06-app-landing-page-video-hero-full-background/images/banner-shape1.png]
[kalanidhithemes.com/live-preview/landing-page/apper/all-demo/06-app-landing-page-video-hero-full-background/images/banner-shape2.png]
[kalanidhithemes.com/live-preview/landing-page/apper/all-demo/06-app-landing-page-video-hero-full-background/images/banner-shape3.png]
[kalanidhithemes.com/live-preview/landing-page/apper/all-demo/06-app-landing-page-video-hero-full-background/images/abt_01.png]
[kalanidhithemes.com/live-preview/landing-page/apper/all-demo/06-app-landing-page-video-hero-full-background/images/abt_02.png]
[kalanidhithemes.com/live-preview/landing-page/apper/all-demo/06-app-landing-page-video-hero-full-background/images/play_black.png]
[kalanidhithemes.com/live-preview/landing-page/apper/all-demo/06-app-landing-page-video-hero-full-background/images/abt_03.png]
[kalanidhithemes.com/live-preview/landing-page/apper/all-demo/06-app-landing-page-video-hero-full-background/images/secure.png]
[kalanidhithemes.com/live-preview/landing-page/apper/all-demo/06-app-landing-page-video-hero-full-background/images/abt_functional.png]
[kalanidhithemes.com/live-preview/landing-page/apper/all-demo/06-app-landing-page-video-hero-full-background/images/communication.png]
[kalanidhithemes.com/live-preview/landing-page/apper/all-demo/06-app-landing-page-video-hero-full-background/images/abt_support.png]
[kalanidhithemes.com/live-preview/landing-page/apper/all-demo/06-app-landing-page-video-hero-full-background/images/about_main.png]
[kalanidhithemes.com/live-preview/landing-page/apper/all-demo/06-app-landing-page-video-hero-full-background/images/experts_01.png]
[kalanidhithemes.com/live-preview/landing-page/apper/all-demo/06-app-landing-page-video-hero-full-background/images/experts_02.png]
[kalanidhithemes.com/live-preview/landing-page/apper/all-demo/06-app-landing-page-video-hero-full-background/images/experts_03.png]
[kalanidhithemes.com/live-preview/landing-page/apper/all-demo/06-app-landing-page-video-hero-full-background/images/experts_04.png]
[kalanidhithemes.com/live-preview/landing-page/apper/all-demo/06-app-landing-page-video-hero-full-background/about.html]
[kalanidhithemes.com/live-preview/landing-page/apper/all-demo/06-app-landing-page-video-hero-full-background/images/review_01.png]
[kalanidhithemes.com/live-preview/landing-page/apper/all-demo/06-app-landing-page-video-hero-full-background/images/review_02.png]
[kalanidhithemes.com/live-preview/landing-page/apper/all-demo/06-app-landing-page-video-hero-full-background/images/review_03.png]
[kalanidhithemes.com/live-preview/landing-page/apper/all-demo/06-app-landing-page-video-hero-full-background/images/review_04.png]
[kalanidhithemes.com/live-preview/landing-page/apper/all-demo/06-app-landing-page-video-hero-full-background/images/review_05.png]
[kalanidhithemes.com/live-preview/landing-page/apper/all-demo/06-app-landing-page-video-hero-full-background/images/review_06.png]
[kalanidhithemes.com/live-preview/landing-page/apper/all-demo/06-app-landing-page-video-hero-full-background/images/review_07.png]
[kalanidhithemes.com/live-preview/landing-page/apper/all-demo/06-app-landing-page-video-hero-full-background/images/review_08.png]
[kalanidhithemes.com/live-preview/landing-page/apper/all-demo/06-app-landing-page-video-hero-full-background/images/review_09.png]
[kalanidhithemes.com/live-preview/landing-page/apper/all-demo/06-app-landing-page-video-hero-full-background/reviews.html]
[kalanidhithemes.com/live-preview/landing-page/apper/all-demo/06-app-landing-page-video-hero-full-background/images/google.png]
[kalanidhithemes.com/live-preview/landing-page/apper/all-demo/06-app-landing-page-video-hero-full-background/sign-in.html]
[kalanidhithemes.com/live-preview/landing-page/apper/all-demo/06-app-landing-page-video-hero-full-background/sign-up.html]
[kalanidhithemes.com/live-preview/landing-page/apper/all-demo/06-app-landing-page-video-hero-full-background/faq.html]
[kalanidhithemes.com/live-preview/landing-page/apper/all-demo/06-app-landing-page-video-hero-full-background/images/blod-detail.png]
[kalanidhithemes.com/live-preview/landing-page/apper/all-demo/06-app-landing-page-video-hero-full-background/images/story04.png]
[kalanidhithemes.com/live-preview/landing-page/apper/all-demo/06-app-landing-page-video-hero-full-background/images/story05.png]
[kalanidhithemes.com/live-preview/landing-page/apper/all-demo/06-app-landing-page-video-hero-full-background/images/story06.png]
[kalanidhithemes.com/live-preview/landing-page/apper/all-demo/06-app-landing-page-video-hero-full-background/images/story07.png]
[kalanidhithemes.com/live-preview/landing-page/apper/all-demo/06-app-landing-page-video-hero-full-background/images/story08.png]
[kalanidhithemes.com/live-preview/landing-page/apper/all-demo/06-app-landing-page-video-hero-full-background/images/story09.png]
[kalanidhithemes.com/live-preview/landing-page/apper/all-demo/06-app-landing-page-video-hero-full-background/blog-list.html]
[kalanidhithemes.com/live-preview/landing-page/apper/all-demo/06-app-landing-page-video-hero-full-background/blog-detail.a6.delayed]
[kalanidhithemes.com/live-preview/landing-page/apper/all-demo/06-app-landing-page-video-hero-full-background/images/blog_detail_main.png]
[kalanidhithemes.com/live-preview/landing-page/apper/all-demo/06-app-landing-page-video-hero-full-background/images/blog_sub_01.png]
[kalanidhithemes.com/live-preview/landing-page/apper/all-demo/06-app-landing-page-video-hero-full-background/images/blog_sub_02.png]
[kalanidhithemes.com/live-preview/landing-page/apper/all-demo/06-app-landing-page-video-hero-full-background/images/quote_icon.png]
[kalanidhithemes.com/live-preview/landing-page/apper/all-demo/06-app-landing-page-video-hero-full-background/images/blog_d02.png]
[kalanidhithemes.com/live-preview/landing-page/apper/all-demo/06-app-landing-page-video-hero-full-background/images/blog_d01.png]
[kalanidhithemes.com/live-preview/landing-page/apper/all-demo/06-app-landing-page-video-hero-full-background/images/blog_d03.png]
[kalanidhithemes.com/live-preview/landing-page/apper/all-demo/06-app-landing-page-video-hero-full-background/blog-single.html]
[kalanidhithemes.com/live-preview/landing-page/apper/all-demo/06-app-landing-page-video-hero-full-background/pricing.html]
[kalanidhithemes.com/live-preview/landing-page/apper/all-demo/06-app-landing-page-video-hero-full-background/css/owl.video.play.html]
[kalanidhithemes.com/live-preview/landing-page/apper/all-demo/06-app-landing-page-video-hero-full-background/fonts/poppins-v20-latin-300.svg]
[kalanidhithemes.com/live-preview/landing-page/apper/all-demo/06-app-landing-page-video-hero-full-background/fonts/poppins-v20-latin-regular.svg]
[kalanidhithemes.com/live-preview/landing-page/apper/all-demo/06-app-landing-page-video-hero-full-background/fonts/poppins-v20-latin-italic.svg]
[kalanidhithemes.com/live-preview/landing-page/apper/all-demo/06-app-landing-page-video-hero-full-background/fonts/poppins-v20-latin-500.svg]
[kalanidhithemes.com/live-preview/landing-page/apper/all-demo/06-app-landing-page-video-hero-full-background/fonts/poppins-v20-latin-500italic.svg]
[kalanidhithemes.com/live-preview/landing-page/apper/all-demo/06-app-landing-page-video-hero-full-background/fonts/poppins-v20-latin-600.svg]
[kalanidhithemes.com/live-preview/landing-page/apper/all-demo/06-app-landing-page-video-hero-full-background/fonts/poppins-v20-latin-700.svg]
[kalanidhithemes.com/live-preview/landing-page/apper/all-demo/06-app-landing-page-video-hero-full-background/fonts/poppins-v20-latin-800.svg]
[kalanidhithemes.com/live-preview/landing-page/apper/all-demo/06-app-landing-page-video-hero-full-background/images/banner-shape.svg]
[kalanidhithemes.com/live-preview/landing-page/apper/all-demo/06-app-landing-page-video-hero-full-background/images/inner_page_ovelay_cross.svg]
[kalanidhithemes.com/live-preview/landing-page/apper/all-demo/06-app-landing-page-video-hero-full-background/images/free_review_bg.html]
[kalanidhithemes.com/live-preview/landing-page/apper/all-demo/06-app-landing-page-video-hero-full-background/faq.html]
[kalanidhithemes.com/live-preview/landing-page/apper/all-demo/06-app-landing-page-video-hero-full-background/blog-detail.html]
[kalanidhithemes.com/live-preview/landing-page/apper/all-demo/06-app-landing-page-video-hero-full-background/contact.html]
